<table>
  <tr>
    <td>name
    <td>address
    <td>pets

  <tr>
    <td>doug
    <td>19 park place
    <td class="numeric">2

  <tr>
    <td>jim
    <td>45 boardwalk avenue
    <td class="numeric">123

</table>
