<table>
  <tr>
    <th>name
    <th>address
    <th>pets

  <tr>
    <td>doug
    <td><code>19 park place</code>
    <td class="numeric">2

  <tr>
    <td>jim
    <td><code>45 boardwalk avenue</code>
    <td class="numeric">123

</table>
