<table>
  <tr>
    <th>name
    <th>address
    <th>pets

  <tr>
    <td>doug
    <td>
    <td>

  <tr>
    <td>jim
    <td>45 boardwalk avenue
    <td class="numeric">123

</table>
